// Jest Snapshot v1, https://goo.gl/fbAQLP

exports[`Tests the About component renders the section component 1`] = `
.c5 {
  font-size: 1.125em;
  color: #fff;
  padding: 0;
  margin: 0;
  background-color: hsl(260,100%,33%);
  cursor: pointer;
}

.c5:hover {
  background-color: hsl(260,100%,60%);
}

.c9 {
  color: #fff;
  background-color: hsl(216,7%,25%);
}

.c0 {
  -webkit-scroll-margin-top: 75px;
  -moz-scroll-margin-top: 75px;
  -ms-scroll-margin-top: 75px;
  scroll-margin-top: 75px;
}

.c1 {
  margin: 0 20%;
}

.c2 {
  list-style-position: inside;
  line-height: 2em;
  text-align: justify;
}

.c11 {
  list-style-position: inside;
  line-height: 2em;
  text-align: justify;
}

.c3 {
  display: -webkit-box;
  display: -webkit-flex;
  display: -ms-flexbox;
  display: flex;
  -webkit-flex-direction: column;
  -ms-flex-direction: column;
  flex-direction: column;
  padding-top: 1.25em;
  min-height: 380px;
}

.c4 {
  display: -webkit-box;
  display: -webkit-flex;
  display: -ms-flexbox;
  display: flex;
  -webkit-box-pack: center;
  -webkit-justify-content: center;
  -ms-flex-pack: center;
  justify-content: center;
}

.c6 {
  font-size: 1.125em;
  background-color: hsl(260,100%,60%);
  padding: 6px;
  border-top-right-radius: 20px;
  border-top-left-radius: 20px;
  border: 2.5px solid hsl(260,100%,60%);
  cursor: pointer;
}

.c6:hover {
  background-color: hsl(260,100%,60%);
}

.c7 {
  font-size: 1.125em;
  background-color: hsl(260,100%,33%);
  padding: 6px;
  border-top-right-radius: 20px;
  border-top-left-radius: 20px;
  border: 2.5px solid hsl(260,100%,60%);
  cursor: pointer;
}

.c7:hover {
  background-color: hsl(260,100%,60%);
}

.c8 {
  padding: 20px;
  border-top-left-radius: 2.5px;
  border-top-right-radius: 2.5px;
  border-bottom-left-radius: 10px;
  border-bottom-right-radius: 10px;
  box-shadow: 10px 10px hsla(216,7%,14%,0.5);
  background-color: hsl(260,100%,60%);
}

.c10 {
  padding: 10px 0;
  background-color: initial;
}

@media only screen and (max-width:500px) {
  .c1 {
    margin: 0;
  }
}

@media only screen and (max-width:500px) {
  .c2 {
    text-align: left;
    width: 75%;
    margin: 0 auto;
  }
}

@media only screen and (max-width:500px) {
  .c4 {
    -webkit-flex-direction: column;
    -ms-flex-direction: column;
    flex-direction: column;
  }
}

@media only screen and (max-width:500px) {
  .c6 {
    width: 100%;
    border-radius: 0;
  }
}

@media only screen and (max-width:500px) {
  .c7 {
    width: 100%;
    border-radius: 0;
  }
}

@media only screen and (max-width:500px) {
  .c8 {
    border-radius: 0;
    box-shadow: 0 10px 10px hsla(216,7%,14%,0.5);
  }
}

@media only screen and (max-width:500px) {
  .c10 {
    text-align: left;
    width: 75%;
    margin: 0 auto;
  }
}

<article
  class="c0 c1"
>
  <p
    class="c2"
    data-testid="introduction"
  >
    Hello! My name is Adrian Cristallo. I am a web developer with a passion for making websites and coding. Looking for opportunities of work in web development while I study a Bachelor of Information Technology. I have also completed a Bachelor of Arts, majoring in sociology and history. I am always ready to learn new things and technologies as my goal is to make this path into a long-lasting career. On the side I enjoy a little bit of gardening and landscaping. Creativity is my outlet and enjoyment in life.
  </p>
  <div
    class="c3"
  >
    <div
      class="c4"
      data-testid="skills-btn-container"
    >
      <button
        class="c5 c6"
        data-testid="front"
        name="front"
        type="button"
      >
        Frontend Skills
      </button>
      <button
        class="c5 c7"
        data-testid="back"
        name="back"
        type="button"
      >
        Backend Skills
      </button>
      <button
        class="c5 c7"
        data-testid="general"
        name="general"
        type="button"
      >
        General Dev Skills
      </button>
      <button
        class="c5 c7"
        data-testid="inter"
        name="inter"
        type="button"
      >
        Interpersonal Skills
      </button>
    </div>
    <div
      class="c8"
      data-testid="Skills"
    >
      <h3
        class="c9 c10"
      >
        My technical skills I use for web development are:
      </h3>
      <ul
        class="c11"
      >
        <li>
          HTML
        </li>
        <li>
          CSS
        </li>
        <li>
          JavaScript
        </li>
        <li>
          TypeScript
        </li>
        <li>
          React
        </li>
        <li>
          Next.JS 
        </li>
        <li>
          Jest
        </li>
      </ul>
    </div>
  </div>
</article>
`;
